Using pre-set license
Built from '2021.2/release' branch; Version is '2021.2.0f1 (4bf1ec4b23c9) revision 4977132'; Using compiler version '192829333'; Build Type 'Release'
OS: 'Windows 10 Pro; OS build 22000.493; Version 2009; 64bit' Language: 'en' Physical Memory: 16275 MB
BatchMode: 1, IsHumanControllingUs: 0, StartBugReporterOnCrash: 0, Is64bit: 1, IsPro: 0

COMMAND LINE ARGUMENTS:
C:\Program Files\Unity\Hub\Editor\2021.2.0f1\Editor\Unity.exe
-adb2
-batchMode
-noUpm
-name
AssetImportWorker3
-projectPath
D:/Uni Temp/Math-Runner
-logFile
Logs/AssetImportWorker3.log
-srvPort
62944
Successfully changed project path to: D:/Uni Temp/Math-Runner
D:/Uni Temp/Math-Runner
[UnityMemory] Configuration Parameters - Can be set up in boot.config
    "memorysetup-bucket-allocator-granularity=16"
    "memorysetup-bucket-allocator-bucket-count=8"
    "memorysetup-bucket-allocator-block-size=33554432"
    "memorysetup-bucket-allocator-block-count=8"
    "memorysetup-main-allocator-block-size=16777216"
    "memorysetup-thread-allocator-block-size=16777216"
    "memorysetup-gfx-main-allocator-block-size=16777216"
    "memorysetup-gfx-thread-allocator-block-size=16777216"
    "memorysetup-cache-allocator-block-size=4194304"
    "memorysetup-typetree-allocator-block-size=2097152"
    "memorysetup-profiler-bucket-allocator-granularity=16"
    "memorysetup-profiler-bucket-allocator-bucket-count=8"
    "memorysetup-profiler-bucket-allocator-block-size=33554432"
    "memorysetup-profiler-bucket-allocator-block-count=8"
    "memorysetup-profiler-allocator-block-size=16777216"
    "memorysetup-profiler-editor-allocator-block-size=1048576"
    "memorysetup-temp-allocator-size-main=16777216"
    "memorysetup-job-temp-allocator-block-size=2097152"
    "memorysetup-job-temp-allocator-block-size-background=1048576"
    "memorysetup-job-temp-allocator-reduction-small-platforms=262144"
    "memorysetup-temp-allocator-size-background-worker=32768"
    "memorysetup-temp-allocator-size-job-worker=262144"
    "memorysetup-temp-allocator-size-preload-manager=33554432"
    "memorysetup-temp-allocator-size-nav-mesh-worker=65536"
    "memorysetup-temp-allocator-size-audio-worker=65536"
    "memorysetup-temp-allocator-size-cloud-worker=32768"
    "memorysetup-temp-allocator-size-gi-baking-worker=262144"
    "memorysetup-temp-allocator-size-gfx=262144"
Refreshing native plugins compatible for Editor in 178.09 ms, found 3 plugins.
Preloading 0 native plugins for Editor in 0.00 ms.
Initialize engine version: 2021.2.0f1 (4bf1ec4b23c9)
[Subsystems] Discovering subsystems at path C:/Program Files/Unity/Hub/Editor/2021.2.0f1/Editor/Data/Resources/UnitySubsystems
[Subsystems] Discovering subsystems at path D:/Uni Temp/Math-Runner/Assets
GfxDevice: creating device client; threaded=0; jobified=0
Direct3D:
    Version:  Direct3D 11.0 [level 11.0]
    Renderer: NVIDIA GeForce 930MX (ID=0x134e)
    Vendor:   NVIDIA
    VRAM:     2010 MB
    Driver:   30.0.14.7168
Initialize mono
Mono path[0] = 'C:/Program Files/Unity/Hub/Editor/2021.2.0f1/Editor/Data/Managed'
Mono path[1] = 'C:/Program Files/Unity/Hub/Editor/2021.2.0f1/Editor/Data/MonoBleedingEdge/lib/mono/unityjit-win32'
Mono config path = 'C:/Program Files/Unity/Hub/Editor/2021.2.0f1/Editor/Data/MonoBleedingEdge/etc'
Using monoOptions --debugger-agent=transport=dt_socket,embedding=1,server=y,suspend=n,address=127.0.0.1:56492
Begin MonoManager ReloadAssembly
Registering precompiled unity dll's ...
Register platform support module: C:/Program Files/Unity/Hub/Editor/2021.2.0f1/Editor/Data/PlaybackEngines/WebGLSupport/UnityEditor.WebGL.Extensions.dll
Register platform support module: C:/Program Files/Unity/Hub/Editor/2021.2.0f1/Editor/Data/PlaybackEngines/WindowsStandaloneSupport/UnityEditor.WindowsStandalone.Extensions.dll
Registered in 0.008712 seconds.
Native extension for WindowsStandalone target not found
Native extension for WebGL target not found
Refreshing native plugins compatible for Editor in 153.38 ms, found 3 plugins.
Preloading 0 native plugins for Editor in 0.00 ms.
Mono: successfully reloaded assembly
- Completed reload, in  1.640 seconds
Domain Reload Profiling:
	ReloadAssembly (1641ms)
		BeginReloadAssembly (129ms)
			ExecutionOrderSort (0ms)
			DisableScriptedObjects (0ms)
			BackupInstance (0ms)
			ReleaseScriptingObjects (0ms)
			CreateAndSetChildDomain (1ms)
		EndReloadAssembly (587ms)
			LoadAssemblies (126ms)
			RebuildTransferFunctionScriptingTraits (0ms)
			SetupTypeCache (115ms)
			ReleaseScriptCaches (0ms)
			RebuildScriptCaches (32ms)
			SetupLoadedEditorAssemblies (380ms)
				LogAssemblyErrors (0ms)
				InitializePlatformSupportModulesInManaged (10ms)
				SetLoadedEditorAssemblies (0ms)
				RefreshPlugins (154ms)
				BeforeProcessingInitializeOnLoad (1ms)
				ProcessInitializeOnLoadAttributes (162ms)
				ProcessInitializeOnLoadMethodAttributes (52ms)
				AfterProcessingInitializeOnLoad (0ms)
				EditorAssembliesLoaded (0ms)
			ExecutionOrderSort2 (0ms)
			AwakeInstancesAfterBackupRestoration (0ms)
Platform modules already initialized, skipping
Registering precompiled user dll's ...
Registered in 0.010806 seconds.
Begin MonoManager ReloadAssembly
Symbol file LoadedFromMemory doesn't match image D:\Uni Temp\Math-Runner\Library\PackageCache\com.unity.visualscripting@1.7.2\Editor\VisualScripting.Core\Dependencies\YamlDotNet\Unity.VisualScripting.YamlDotNet.dll
Symbol file LoadedFromMemory doesn't match image D:\Uni Temp\Math-Runner\Library\PackageCache\com.unity.visualscripting@1.7.2\Editor\VisualScripting.Core\Dependencies\DotNetZip\Unity.VisualScripting.IonicZip.dll
Native extension for WindowsStandalone target not found
Native extension for WebGL target not found
Refreshing native plugins compatible for Editor in 125.50 ms, found 3 plugins.
Preloading 0 native plugins for Editor in 0.00 ms.
Mono: successfully reloaded assembly
- Completed reload, in  2.155 seconds
Domain Reload Profiling:
	ReloadAssembly (2156ms)
		BeginReloadAssembly (209ms)
			ExecutionOrderSort (0ms)
			DisableScriptedObjects (7ms)
			BackupInstance (0ms)
			ReleaseScriptingObjects (0ms)
			CreateAndSetChildDomain (22ms)
		EndReloadAssembly (1828ms)
			LoadAssemblies (104ms)
			RebuildTransferFunctionScriptingTraits (0ms)
			SetupTypeCache (303ms)
			ReleaseScriptCaches (1ms)
			RebuildScriptCaches (72ms)
			SetupLoadedEditorAssemblies (1217ms)
				LogAssemblyErrors (0ms)
				InitializePlatformSupportModulesInManaged (14ms)
				SetLoadedEditorAssemblies (0ms)
				RefreshPlugins (126ms)
				BeforeProcessingInitializeOnLoad (118ms)
				ProcessInitializeOnLoadAttributes (857ms)
				ProcessInitializeOnLoadMethodAttributes (92ms)
				AfterProcessingInitializeOnLoad (10ms)
				EditorAssembliesLoaded (0ms)
			ExecutionOrderSort2 (0ms)
			AwakeInstancesAfterBackupRestoration (7ms)
Platform modules already initialized, skipping
========================================================================
Worker process is ready to serve import requests
Launched and connected shader compiler UnityShaderCompiler.exe after 0.05 seconds
D3D shader create error for pixel shader [0x8007000e]
D3D shader create error for vertex shader [0x8007000e]
D3D shader create error for pixel shader [0x8007000e]
D3D shader create error for vertex shader [0x8007000e]
D3D shader create error for pixel shader [0x8007000e]
D3D shader create error for vertex shader [0x8007000e]
D3D shader create error for pixel shader [0x8007000e]
Crash!!!
  ERROR: Error while initializing dbghelp.dll, GetLastError: 'The operation completed successfully.' (Address: 0000000000000000)

========== OUTPUTTING STACK TRACE ==================

SymInit: Symbol-SearchPath: 'C:/Program Files/Unity/Hub/Editor/2021.2.0f1/Editor/Data/Mono;.;D:\Uni Temp\Math-Runner;D:\Uni Temp\Math-Runner\Library\BurstCache\JIT;C:\Program Files\Unity\Hub\Editor\2021.2.0f1\Editor;C:\WINDOWS;C:\WINDOWS\system32;SRV*C:\websymbols*http://msdl.microsoft.com/download/symbols;', symOptions: 534, UserName: 'Hp'
OS-Version: 10.0.0
C:\Program Files\Unity\Hub\Editor\2021.2.0f1\Editor\Unity.exe:Unity.exe (00007FF6812A0000), size: 72855552 (result: 0), SymType: '-deferred-', PDB: '', fileVersion: 2021.2.0.61932
C:\WINDOWS\SYSTEM32\ntdll.dll:ntdll.dll (00007FFA068C0000), size: 2134016 (result: 0), SymType: '-deferred-', PDB: '', fileVersion: 10.0.22000.469
C:\WINDOWS\System32\KERNEL32.DLL:KERNEL32.DLL (00007FFA04D50000), size: 774144 (result: 0), SymType: '-deferred-', PDB: '', fileVersion: 10.0.22000.434
C:\WINDOWS\System32\KERNELBASE.dll:KERNELBASE.dll (00007FFA041D0000), size: 3620864 (result: 0), SymType: '-deferred-', PDB: '', fileVersion: 10.0.22000.434
C:\WINDOWS\System32\CRYPT32.dll:CRYPT32.dll (00007FFA04550000), size: 1449984 (result: 0), SymType: '-deferred-', PDB: '', fileVersion: 10.0.22000.348
C:\WINDOWS\System32\ucrtbase.dll:ucrtbase.dll (00007FFA03DB0000), size: 1118208 (result: 0), SymType: '-deferred-', PDB: '', fileVersion: 10.0.22000.1
C:\WINDOWS\System32\USER32.dll:USER32.dll (00007FFA04810000), size: 1753088 (result: 0), SymType: '-deferred-', PDB: '', fileVersion: 10.0.22000.282
C:\WINDOWS\System32\win32u.dll:win32u.dll (00007FFA03FC0000), size: 155648 (result: 0), SymType: '-deferred-', PDB: '', fileVersion: 10.0.22000.493
C:\WINDOWS\System32\GDI32.dll:GDI32.dll (00007FFA049C0000), size: 167936 (result: 0), SymType: '-deferred-', PDB: '', fileVersion: 10.0.22000.1
C:\WINDOWS\System32\gdi32full.dll:gdi32full.dll (00007FFA040B0000), size: 1122304 (result: 0), SymType: '-deferred-', PDB: '', fileVersion: 10.0.22000.469
C:\WINDOWS\System32\msvcp_win.dll:msvcp_win.dll (00007FFA046C0000), size: 643072 (result: 0), SymType: '-deferred-', PDB: '', fileVersion: 10.0.22000.1
C:\WINDOWS\System32\ADVAPI32.dll:ADVAPI32.dll (00007FFA049F0000), size: 712704 (result: 0), SymType: '-deferred-', PDB: '', fileVersion: 10.0.22000.434
C:\WINDOWS\System32\msvcrt.dll:msvcrt.dll (00007FFA05D20000), size: 667648 (result: 0), SymType: '-deferred-', PDB: '', fileVersion: 7.0.22000.1
C:\WINDOWS\System32\sechost.dll:sechost.dll (00007FFA04770000), size: 647168 (result: 0), SymType: '-deferred-', PDB: '', fileVersion: 10.0.22000.434
C:\Program Files\Unity\Hub\Editor\2021.2.0f1\Editor\s3tcompress.dll:s3tcompress.dll (00007FF9F4CE0000), size: 180224 (result: 0), SymType: '-deferred-', PDB: ''
C:\WINDOWS\System32\RPCRT4.dll:RPCRT4.dll (00007FFA05EC0000), size: 1179648 (result: 8), SymType: '-unknown-', PDB: '', fileVersion: 10.0.22000.434
  ERROR: LoadModule, GetLastError: 'Not enough memory resources are available to process this command.' (Address: 0000000000000000)
C:\Program Files\Unity\Hub\Editor\2021.2.0f1\Editor\optix.6.0.0.dll:optix.6.0.0.dll (00007FF9EB420000), size: 208896 (result: 0), SymType: '-deferred-', PDB: '', fileVersion: 6.0.0.0
C:\WINDOWS\System32\SHELL32.dll:SHELL32.dll (00007FFA05FE0000), size: 8052736 (result: 0), SymType: '-deferred-', PDB: '', fileVersion: 10.0.22000.469
D3D shader create error for pixel shader [0x8007000e]
C:\WINDOWS\System32\SHLWAPI.dll:SHLWAPI.dll (00007FFA04CF0000), size: 380928 (result: 0), SymType: '-deferred-', PDB: '', fileVersion: 10.0.22000.1
C:\WINDOWS\System32\ole32.dll:ole32.dll (00007FFA05020000), size: 1679360 (result: 0), SymType: '-deferred-', PDB: '', fileVersion: 10.0.22000.120
A crash has been intercepted by the crash handler. For call stack and other details, see the latest crash report generated in:
 * C:/Users/Hp/AppData/Local/Temp/Unity/Editor/Crashes
C:\WINDOWS\System32\combase.dll:combase.dll (00007FFA05390000), size: 3637248 (result: 0), SymType: '-deferred-', PDB: '', fileVersion: 10.0.22000.282
C:\WINDOWS\System32\IMM32.dll:IMM32.dll (00007FFA05C80000), size: 200704 (result: 0), SymType: '-deferred-', PDB: '', fileVersion: 10.0.22000.1
C:\Program Files\Unity\Hub\Editor\2021.2.0f1\Editor\libfbxsdk.dll:libfbxsdk.dll (00007FF9A1F70000), size: 10215424 (result: 0), SymType: '-deferred-', PDB: '', fileVersion: 2020.2.0.0
C:\WINDOWS\System32\SETUPAPI.dll:SETUPAPI.dll (00007FFA05710000), size: 4636672 (result: 0), SymType: '-deferred-', PDB: '', fileVersion: 10.0.22000.469
C:\Program Files\Unity\Hub\Editor\2021.2.0f1\Editor\etccompress.dll:etccompress.dll (00007FF9B1DB0000), size: 5066752 (result: 0), SymType: '-deferred-', PDB: ''
C:\WINDOWS\System32\WS2_32.dll:WS2_32.dll (00007FFA05C10000), size: 454656 (result: 0), SymType: '-deferred-', PDB: '', fileVersion: 10.0.22000.1
C:\WINDOWS\System32\OLEAUT32.dll:OLEAUT32.dll (00007FFA04B20000), size: 876544 (result: 8), SymType: '-unknown-', PDB: '', fileVersion: 10.0.22000.1
  ERROR: LoadModule, GetLastError: 'Not enough memory resources are available to process this command.' (Address: 0000000000000000)
C:\WINDOWS\System32\WINTRUST.dll:WINTRUST.dll (00007FFA03F50000), size: 421888 (result: 8), SymType: '-unknown-', PDB: '', fileVersion: 10.0.22000.469
  ERROR: LoadModule, GetLastError: 'Not enough memory resources are available to process this command.' (Address: 0000000000000000)
C:\Program Files\Unity\Hub\Editor\2021.2.0f1\Editor\ispc_texcomp.dll:ispc_texcomp.dll (00007FF9B1C00000), size: 1740800 (result: 8), SymType: '-unknown-', PDB: ''
  ERROR: LoadModule, GetLastError: 'Not enough memory resources are available to process this command.' (Address: 0000000000000000)
C:\Program Files\Unity\Hub\Editor\2021.2.0f1\Editor\FreeImage.dll:FreeImage.dll (0000000180000000), size: 6582272 (result: 8), SymType: '-unknown-', PDB: '', fileVersion: 3.18.0.0
  ERROR: LoadModule, GetLastError: 'Not enough memory resources are available to process this command.' (Address: 0000000000000000)
C:\Program Files\Unity\Hub\Editor\2021.2.0f1\Editor\compress_bc7e.dll:compress_bc7e.dll (00007FF9C9190000), size: 1441792 (result: 8), SymType: '-unknown-', PDB: ''
  ERROR: LoadModule, GetLastError: 'Not enough memory resources are available to process this command.' (Address: 0000000000000000)
C:\Program Files\Unity\Hub\Editor\2021.2.0f1\Editor\OpenImageDenoise.dll:OpenImageDenoise.dll (00007FF949610000), size: 35123200 (result: 0), SymType: '-deferred-', PDB: '', fileVersion: 1.3.0.0
C:\Program Files\Unity\Hub\Editor\2021.2.0f1\Editor\WinPixEventRuntime.dll:WinPixEventRuntime.dll (00007FFA00470000), size: 45056 (result: 8), SymType: '-unknown-', PDB: '', fileVersion: 1.0.1812.6001
  ERROR: LoadModule, GetLastError: 'Not enough memory resources are available to process this command.' (Address: 0000000000000000)
C:\Program Files\Unity\Hub\Editor\2021.2.0f1\Editor\umbraoptimizer64.dll:umbraoptimizer64.dll (00007FF9B30F0000), size: 1187840 (result: 0), SymType: '-deferred-', PDB: ''
C:\WINDOWS\SYSTEM32\OPENGL32.dll:OPENGL32.dll (00007FF9C8870000), size: 1052672 (result: 0), SymType: '-deferred-', PDB: '', fileVersion: 10.0.22000.41
C:\WINDOWS\SYSTEM32\GLU32.dll:GLU32.dll (00007FF9FD830000), size: 184320 (result: 0), SymType: '-deferred-', PDB: '', fileVersion: 10.0.22000.41
C:\WINDOWS\SYSTEM32\IPHLPAPI.DLL:IPHLPAPI.DLL (00007FFA029E0000), size: 184320 (result: 0), SymType: '-deferred-', PDB: '', fileVersion: 10.0.22000.282
C:\WINDOWS\SYSTEM32\WINHTTP.dll:WINHTTP.dll (00007FF9F8970000), size: 1097728 (result: 0), SymType: '-deferred-', PDB: '', fileVersion: 10.0.22000.1
C:\WINDOWS\SYSTEM32\WINMM.dll:WINMM.dll (00007FF9F85F0000), size: 208896 (result: 0), SymType: '-deferred-', PDB: '', fileVersion: 10.0.22000.1
C:\WINDOWS\SYSTEM32\bcrypt.dll:bcrypt.dll (00007FFA036A0000), size: 159744 (result: 0), SymType: '-deferred-', PDB: '', fileVersion: 10.0.22000.1
C:\WINDOWS\SYSTEM32\HID.DLL:HID.DLL (00007FFA02750000), size: 57344 (result: 0), SymType: '-deferred-', PDB: '', fileVersion: 10.0.22000.1
C:\WINDOWS\SYSTEM32\dwmapi.dll:dwmapi.dll (00007FFA013E0000), size: 192512 (result: 0), SymType: '-deferred-', PDB: '', fileVersion: 10.0.22000.41
C:\WINDOWS\SYSTEM32\VERSION.dll:VERSION.dll (00007FF9F64B0000), size: 40960 (result: 0), SymType: '-deferred-', PDB: '', fileVersion: 10.0.22000.1
C:\Program Files\Unity\Hub\Editor\2021.2.0f1\Editor\SketchUpAPI.dll:SketchUpAPI.dll (00007FF9A1690000), size: 9306112 (result: 0), SymType: '-deferred-', PDB: '', fileVersion: 20.2.172.0
C:\Program Files\Unity\Hub\Editor\2021.2.0f1\Editor\RadeonImageFilters.dll:RadeonImageFilters.dll (00007FF9B1650000), size: 2961408 (result: 0), SymType: '-deferred-', PDB: '', fileVersion: 1.7.0.0
C:\WINDOWS\SYSTEM32\WSOCK32.dll:WSOCK32.dll (00007FF9E4FE0000), size: 36864 (result: 0), SymType: '-deferred-', PDB: '', fileVersion: 10.0.22000.1
C:\WINDOWS\SYSTEM32\VCRUNTIME140.dll:VCRUNTIME140.dll (00007FF9EA550000), size: 110592 (result: 0), SymType: '-deferred-', PDB: '', fileVersion: 14.29.30135.0
C:\WINDOWS\SYSTEM32\MSVCP140.dll:MSVCP140.dll (00007FF9EAB10000), size: 577536 (result: 0), SymType: '-deferred-', PDB: '', fileVersion: 14.29.30135.0
C:\WINDOWS\SYSTEM32\Secur32.dll:Secur32.dll (00007FF9EABA0000), size: 49152 (result: 0), SymType: '-deferred-', PDB: '', fileVersion: 10.0.22000.1
C:\Program Files\Unity\Hub\Editor\2021.2.0f1\Editor\tbb12.dll:tbb12.dll (00007FF9DA810000), size: 389120 (result: 0), SymType: '-deferred-', PDB: ''
C:\Program Files\Unity\Hub\Editor\2021.2.0f1\Editor\RadeonML.dll:RadeonML.dll (00007FF9F4CC0000), size: 94208 (result: 0), SymType: '-deferred-', PDB: '', fileVersion: 0.9.11.0
C:\Program Files\Unity\Hub\Editor\2021.2.0f1\Editor\SketchUpCommonPreferences.dll:SketchUpCommonPreferences.dll (00007FF9DA790000), size: 479232 (result: 0), SymType: '-deferred-', PDB: '', fileVersion: 20.2.172.37
C:\WINDOWS\SYSTEM32\dxcore.dll:dxcore.dll (00007FFA01180000), size: 229376 (result: 0), SymType: '-deferred-', PDB: '', fileVersion: 10.0.22000.1
C:\WINDOWS\SYSTEM32\VCRUNTIME140_1.dll:VCRUNTIME140_1.dll (00007FF9EA540000), size: 49152 (result: 0), SymType: '-deferred-', PDB: '', fileVersion: 14.29.30135.0
C:\WINDOWS\SYSTEM32\SSPICLI.DLL:SSPICLI.DLL (00007FFA030D0000), size: 270336 (result: 0), SymType: '-deferred-', PDB: '', fileVersion: 10.0.22000.434
C:\Program Files\Unity\Hub\Editor\2021.2.0f1\Editor\OpenRL.dll:OpenRL.dll (0000019D9D130000), size: 12779520 (result: 0), SymType: '-deferred-', PDB: '', fileVersion: 1.5.0.2907
C:\Program Files\Unity\Hub\Editor\2021.2.0f1\Editor\embree.dll:embree.dll (00007FF987B90000), size: 16711680 (result: 0), SymType: '-deferred-', PDB: '', fileVersion: 2.14.0.0
C:\WINDOWS\SYSTEM32\MSVCR100.dll:MSVCR100.dll (000000005AEE0000), size: 860160 (result: 0), SymType: '-deferred-', PDB: '', fileVersion: 10.0.40219.332
C:\WINDOWS\SYSTEM32\MSVCP100.dll:MSVCP100.dll (000000005AE40000), size: 622592 (result: 0), SymType: '-deferred-', PDB: '', fileVersion: 10.0.40219.332
C:\WINDOWS\SYSTEM32\cfgmgr32.DLL:cfgmgr32.DLL (00007FFA039C0000), size: 311296 (result: 0), SymType: '-deferred-', PDB: '', fileVersion: 10.0.22000.1
C:\WINDOWS\SYSTEM32\MSWSOCK.DLL:MSWSOCK.DLL (00007FFA032E0000), size: 421888 (result: 0), SymType: '-deferred-', PDB: '', fileVersion: 10.0.22000.1
C:\Program Files\Unity\Hub\Editor\2021.2.0f1\Editor\tbb.dll:tbb.dll (00007FF9D5680000), size: 413696 (result: 0), SymType: '-deferred-', PDB: '', fileVersion: 2017.0.2016.1004
C:\WINDOWS\SYSTEM32\MSVCR120.dll:MSVCR120.dll (00007FF9E6830000), size: 978944 (result: 0), SymType: '-deferred-', PDB: '', fileVersion: 12.0.21005.1
C:\WINDOWS\SYSTEM32\MSVCP120.dll:MSVCP120.dll (00007FF9D2530000), size: 679936 (result: 0), SymType: '-deferred-', PDB: '', fileVersion: 12.0.40664.0
C:\Program Files\Unity\Hub\Editor\2021.2.0f1\Editor\OpenRL_pthread.dll:OpenRL_pthread.dll (0000019D9DD80000), size: 61440 (result: 0), SymType: '-deferred-', PDB: '', fileVersion: 2.9.0.0
C:\Program Files\Unity\Hub\Editor\2021.2.0f1\Editor\tbbmalloc.dll:tbbmalloc.dll (00007FF9D59D0000), size: 372736 (result: 0), SymType: '-deferred-', PDB: '', fileVersion: 2017.0.2016.1004
C:\WINDOWS\SYSTEM32\MSASN1.dll:MSASN1.dll (00007FFA03580000), size: 73728 (result: 0), SymType: '-deferred-', PDB: '', fileVersion: 10.0.22000.1
C:\WINDOWS\SYSTEM32\kernel.appcore.dll:kernel.appcore.dll (00007FFA02EB0000), size: 98304 (result: 0), SymType: '-deferred-', PDB: '', fileVersion: 10.0.22000.71
C:\WINDOWS\System32\bcryptPrimitives.dll:bcryptPrimitives.dll (00007FFA03ED0000), size: 520192 (result: 0), SymType: '-deferred-', PDB: '', fileVersion: 10.0.22000.376
C:\WINDOWS\system32\uxtheme.dll:uxtheme.dll (00007FFA010A0000), size: 704512 (result: 0), SymType: '-deferred-', PDB: '', fileVersion: 10.0.22000.120
C:\WINDOWS\System32\shcore.dll:shcore.dll (00007FFA04C00000), size: 958464 (result: 0), SymType: '-deferred-', PDB: '', fileVersion: 10.0.22000.71
C:\WINDOWS\SYSTEM32\windows.storage.dll:windows.storage.dll (00007FFA01EE0000), size: 8810496 (result: 0), SymType: '-deferred-', PDB: '', fileVersion: 10.0.22000.469
C:\WINDOWS\SYSTEM32\wintypes.dll:wintypes.dll (00007FFA01D70000), size: 1466368 (result: 0), SymType: '-deferred-', PDB: '', fileVersion: 10.0.22000.41
C:\WINDOWS\SYSTEM32\profapi.dll:profapi.dll (00007FFA03CE0000), size: 135168 (result: 0), SymType: '-deferred-', PDB: '', fileVersion: 10.0.22000.1
C:\WINDOWS\system32\IconCodecService.dll:IconCodecService.dll (00007FF9CF690000), size: 36864 (result: 8), SymType: '-unknown-', PDB: '', fileVersion: 10.0.22000.1
  ERROR: LoadModule, GetLastError: 'Not enough memory resources are available to process this command.' (Address: 0000000000000000)
C:\WINDOWS\SYSTEM32\WindowsCodecs.dll:WindowsCodecs.dll (00007FF9F7C50000), size: 1761280 (result: 8), SymType: '-unknown-', PDB: '', fileVersion: 10.0.22000.1
  ERROR: LoadModule, GetLastError: 'Not enough memory resources are available to process this command.' (Address: 0000000000000000)
C:\WINDOWS\System32\clbcatq.dll:clbcatq.dll (00007FFA067B0000), size: 716800 (result: 8), SymType: '-unknown-', PDB: '', fileVersion: 2001.12.10941.16384
  ERROR: LoadModule, GetLastError: 'Not enough memory resources are available to process this command.' (Address: 0000000000000000)
C:\WINDOWS\System32\netprofm.dll:netprofm.dll (00007FF9FE040000), size: 462848 (result: 0), SymType: '-deferred-', PDB: '', fileVersion: 10.0.22000.65
Assertion failed on expression: 'SUCCEEDED(hr)'
C:\WINDOWS\System32\npmproxy.dll:npmproxy.dll (00007FF9F6CE0000), size: 73728 (result: 8), SymType: '-unknown-', PDB: '', fileVersion: 10.0.22000.65
  ERROR: LoadModule, GetLastError: 'Not enough memory resources are available to process this command.' (Address: 0000000000000000)
C:\WINDOWS\System32\NSI.dll:NSI.dll (00007FFA05B80000), size: 36864 (result: 0), SymType: '-deferred-', PDB: '', fileVersion: 10.0.22000.1
C:\WINDOWS\SYSTEM32\dhcpcsvc6.DLL:dhcpcsvc6.DLL (00007FF9F83D0000), size: 102400 (result: 0), SymType: '-deferred-', PDB: '', fileVersion: 10.0.22000.71
Assertion failed on expression: 'SUCCEEDED(hr)'
C:\WINDOWS\SYSTEM32\dhcpcsvc.DLL:dhcpcsvc.DLL (00007FF9F98A0000), size: 122880 (result: 0), SymType: '-deferred-', PDB: '', fileVersion: 10.0.22000.71
C:\WINDOWS\SYSTEM32\DNSAPI.dll:DNSAPI.dll (00007FFA02A10000), size: 946176 (result: 0), SymType: '-deferred-', PDB: '', fileVersion: 10.0.22000.282
C:\WINDOWS\System32\fwpuclnt.dll:fwpuclnt.dll (00007FF9F7720000), size: 528384 (result: 0), SymType: '-deferred-', PDB: '', fileVersion: 10.0.22000.438
C:\Windows\System32\rasadhlp.dll:rasadhlp.dll (00007FF9EE2D0000), size: 40960 (result: 0), SymType: '-deferred-', PDB: '', fileVersion: 10.0.22000.1
C:\Program Files\Unity\Hub\Editor\2021.2.0f1\Editor\NVUnityPlugin.DLL:NVUnityPlugin.DLL (00007FF9AD970000), size: 1523712 (result: 8), SymType: '-unknown-', PDB: ''
  ERROR: LoadModule, GetLastError: 'Not enough memory resources are available to process this command.' (Address: 0000000000000000)
C:\WINDOWS\SYSTEM32\vulkan-1.dll:vulkan-1.dll (00007FF9AC8B0000), size: 1114112 (result: 8), SymType: '-unknown-', PDB: '', fileVersion: 1.2.170.0
  ERROR: LoadModule, GetLastError: 'Not enough memory resources are available to process this command.' (Address: 0000000000000000)
C:\WINDOWS\system32\dxgi.dll:dxgi.dll (00007FFA011C0000), size: 995328 (result: 8), SymType: '-unknown-', PDB: '', fileVersion: 10.0.22000.469
  ERROR: LoadModule, GetLastError: 'Not enough memory resources are available to process this command.' (Address: 0000000000000000)
C:\Program Files\Unity\Hub\Editor\2021.2.0f1\Editor\Data\Tools\astcenc-avx2.dll:astcenc-avx2.dll (00007FF9AE140000), size: 561152 (result: 8), SymType: '-unknown-', PDB: ''
  ERROR: LoadModule, GetLastError: 'Not enough memory resources are available to process this command.' (Address: 0000000000000000)
C:\WINDOWS\SYSTEM32\d3d11.dll:d3d11.dll (00007FF9F9190000), size: 2621440 (result: 8), SymType: '-unknown-', PDB: '', fileVersion: 10.0.22000.120
  ERROR: LoadModule, GetLastError: 'Not enough memory resources are available to process this command.' (Address: 0000000000000000)
C:\WINDOWS\SYSTEM32\directxdatabasehelper.dll:directxdatabasehelper.dll (00007FF9FF1B0000), size: 278528 (result: 8), SymType: '-unknown-', PDB: '', fileVersion: 10.0.22000.1
  ERROR: LoadModule, GetLastError: 'Not enough memory resources are available to process this command.' (Address: 0000000000000000)

=================================================================
	Native Crash Reporting
=================================================================
Got a UNKNOWN while executing native code. This usually indicates
a fatal error in the mono runtime or one of the native libraries 
used by your application.
=================================================================

=================================================================
	Managed Stacktrace:
=================================================================
=================================================================
C:\WINDOWS\SYSTEM32\ntmarta.dll:ntmarta.dll (00007FFA02B50000), size: 212992 (result: 8), SymType: '-unknown-', PDB: '', fileVersion: 10.0.22000.1
Received signal SIGSEGV
  ERROR: LoadModule, GetLastError: 'Not enough memory resources are available to process this command.' (Address: 0000000000000000)
Obtained 37 stack frames
0x00007ff9a29a43e7 ((<unknown>)) 
0x00007ff9a3520f9f ((<unknown>)) 
0x00007ff9f91ca7a4 ((<unknown>)) 
0x00007ff9f91af131 ((<unknown>)) 
0x00007ff9f91af051 ((<unknown>)) 
0x00007ff9f91e1595 ((<unknown>)) 
0x00007ff9f91c89fa ((<unknown>)) 
0x00007ff9f91c9072 ((<unknown>)) 
0x00007ff9f91a521e ((<unknown>)) 
0x00007ff9f91a5184 ((<unknown>)) 
0x00007ff9f91a4f08 ((<unknown>)) 
0x00007ff68232ddd4 (Unity) 
0x00007ff68213e385 (Unity) 
0x00007ff6823ca7a5 (Unity) 
0x00007ff681fdaaad (Unity) 
0x00007ff682c9d5d3 (Unity) 
0x00007ff682c9f8d9 (Unity) 
0x00007ff681fdb1d1 (Unity) 
0x00007ff681fdbfe3 (Unity) 
0x00007ff681fe241d (Unity) 
0x00007ff681fd6797 (Unity) 
0x00007ff681fc562b (Unity) 
0x00007ff681fc5eaa (Unity) 
0x00007ff682ca8db1 (Unity) 
0x00007ff6838f882e (Unity) 
0x00007ff683555f9d (Unity) 
0x00007ff6835eb6e2 (Unity) 
0x00007ff6835ed96d (Unity) 
0x00007ff6835f0d67 (Unity) 
0x00007ff6835e9b81 (Unity) 
0x00007ff683582f28 (Unity) 
0x00007ff683582ffb (Unity) 
0x00007ff682dd092f (Unity) 
0x00007ff6832178e8 (Unity) 
0x00007ff684523ae2 (Unity) 
0x00007ffa04d654e0 (KERNEL32) 
0x00007ffa068c485b (ntdll) 

C:\WINDOWS\System32\DriverStore\FileRepository\nvbli.inf_amd64_44f136e1c7a77ee1\nvldumdx.dll:nvldumdx.dll (00007FF9D6310000), size: 1073152 (result: 8), SymType: '-unknown-', PDB: '', fileVersion: 30.0.14.7168
