Using pre-set license
Built from '2021.2/release' branch; Version is '2021.2.0f1 (4bf1ec4b23c9) revision 4977132'; Using compiler version '192829333'; Build Type 'Release'
OS: 'Windows 10 Pro; OS build 22000.493; Version 2009; 64bit' Language: 'en' Physical Memory: 16275 MB
BatchMode: 1, IsHumanControllingUs: 0, StartBugReporterOnCrash: 0, Is64bit: 1, IsPro: 0

COMMAND LINE ARGUMENTS:
C:\Program Files\Unity\Hub\Editor\2021.2.0f1\Editor\Unity.exe
-adb2
-batchMode
-noUpm
-name
AssetImportWorker6
-projectPath
D:/Uni Temp/Math-Runner
-logFile
Logs/AssetImportWorker6.log
-srvPort
62944
Successfully changed project path to: D:/Uni Temp/Math-Runner
D:/Uni Temp/Math-Runner
[UnityMemory] Configuration Parameters - Can be set up in boot.config
    "memorysetup-bucket-allocator-granularity=16"
    "memorysetup-bucket-allocator-bucket-count=8"
    "memorysetup-bucket-allocator-block-size=33554432"
    "memorysetup-bucket-allocator-block-count=8"
    "memorysetup-main-allocator-block-size=16777216"
    "memorysetup-thread-allocator-block-size=16777216"
    "memorysetup-gfx-main-allocator-block-size=16777216"
    "memorysetup-gfx-thread-allocator-block-size=16777216"
    "memorysetup-cache-allocator-block-size=4194304"
    "memorysetup-typetree-allocator-block-size=2097152"
    "memorysetup-profiler-bucket-allocator-granularity=16"
    "memorysetup-profiler-bucket-allocator-bucket-count=8"
    "memorysetup-profiler-bucket-allocator-block-size=33554432"
    "memorysetup-profiler-bucket-allocator-block-count=8"
    "memorysetup-profiler-allocator-block-size=16777216"
    "memorysetup-profiler-editor-allocator-block-size=1048576"
    "memorysetup-temp-allocator-size-main=16777216"
    "memorysetup-job-temp-allocator-block-size=2097152"
    "memorysetup-job-temp-allocator-block-size-background=1048576"
    "memorysetup-job-temp-allocator-reduction-small-platforms=262144"
    "memorysetup-temp-allocator-size-background-worker=32768"
    "memorysetup-temp-allocator-size-job-worker=262144"
    "memorysetup-temp-allocator-size-preload-manager=33554432"
    "memorysetup-temp-allocator-size-nav-mesh-worker=65536"
    "memorysetup-temp-allocator-size-audio-worker=65536"
    "memorysetup-temp-allocator-size-cloud-worker=32768"
    "memorysetup-temp-allocator-size-gi-baking-worker=262144"
    "memorysetup-temp-allocator-size-gfx=262144"
Refreshing native plugins compatible for Editor in 225.84 ms, found 3 plugins.
Preloading 0 native plugins for Editor in 0.00 ms.
Initialize engine version: 2021.2.0f1 (4bf1ec4b23c9)
[Subsystems] Discovering subsystems at path C:/Program Files/Unity/Hub/Editor/2021.2.0f1/Editor/Data/Resources/UnitySubsystems
[Subsystems] Discovering subsystems at path D:/Uni Temp/Math-Runner/Assets
GfxDevice: creating device client; threaded=0; jobified=0
Direct3D:
    Version:  Direct3D 11.0 [level 11.0]
    Renderer: NVIDIA GeForce 930MX (ID=0x134e)
    Vendor:   NVIDIA
    VRAM:     2010 MB
    Driver:   30.0.14.7168
Initialize mono
Mono path[0] = 'C:/Program Files/Unity/Hub/Editor/2021.2.0f1/Editor/Data/Managed'
Mono path[1] = 'C:/Program Files/Unity/Hub/Editor/2021.2.0f1/Editor/Data/MonoBleedingEdge/lib/mono/unityjit-win32'
Mono config path = 'C:/Program Files/Unity/Hub/Editor/2021.2.0f1/Editor/Data/MonoBleedingEdge/etc'
Using monoOptions --debugger-agent=transport=dt_socket,embedding=1,server=y,suspend=n,address=127.0.0.1:56700
Begin MonoManager ReloadAssembly
Registering precompiled unity dll's ...
Register platform support module: C:/Program Files/Unity/Hub/Editor/2021.2.0f1/Editor/Data/PlaybackEngines/WebGLSupport/UnityEditor.WebGL.Extensions.dll
Register platform support module: C:/Program Files/Unity/Hub/Editor/2021.2.0f1/Editor/Data/PlaybackEngines/WindowsStandaloneSupport/UnityEditor.WindowsStandalone.Extensions.dll
Registered in 0.017128 seconds.
Native extension for WindowsStandalone target not found
Native extension for WebGL target not found
Refreshing native plugins compatible for Editor in 264.90 ms, found 3 plugins.
Preloading 0 native plugins for Editor in 0.00 ms.
Mono: successfully reloaded assembly
- Completed reload, in  2.555 seconds
Domain Reload Profiling:
	ReloadAssembly (2556ms)
		BeginReloadAssembly (135ms)
			ExecutionOrderSort (0ms)
			DisableScriptedObjects (0ms)
			BackupInstance (0ms)
			ReleaseScriptingObjects (0ms)
			CreateAndSetChildDomain (1ms)
		EndReloadAssembly (1130ms)
			LoadAssemblies (133ms)
			RebuildTransferFunctionScriptingTraits (0ms)
			SetupTypeCache (261ms)
			ReleaseScriptCaches (0ms)
			RebuildScriptCaches (64ms)
			SetupLoadedEditorAssemblies (666ms)
				LogAssemblyErrors (0ms)
				InitializePlatformSupportModulesInManaged (17ms)
				SetLoadedEditorAssemblies (0ms)
				RefreshPlugins (265ms)
				BeforeProcessingInitializeOnLoad (2ms)
				ProcessInitializeOnLoadAttributes (295ms)
				ProcessInitializeOnLoadMethodAttributes (87ms)
				AfterProcessingInitializeOnLoad (0ms)
				EditorAssembliesLoaded (0ms)
			ExecutionOrderSort2 (0ms)
			AwakeInstancesAfterBackupRestoration (0ms)
Platform modules already initialized, skipping
Registering precompiled user dll's ...
Registered in 0.017961 seconds.
Begin MonoManager ReloadAssembly
Symbol file LoadedFromMemory doesn't match image D:\Uni Temp\Math-Runner\Library\PackageCache\com.unity.visualscripting@1.7.2\Editor\VisualScripting.Core\Dependencies\YamlDotNet\Unity.VisualScripting.YamlDotNet.dll
Symbol file LoadedFromMemory doesn't match image D:\Uni Temp\Math-Runner\Library\PackageCache\com.unity.visualscripting@1.7.2\Editor\VisualScripting.Core\Dependencies\DotNetZip\Unity.VisualScripting.IonicZip.dll
Native extension for WindowsStandalone target not found
Native extension for WebGL target not found
Refreshing native plugins compatible for Editor in 149.44 ms, found 3 plugins.
Preloading 0 native plugins for Editor in 0.00 ms.
OutOfMemoryException: Out of memory
  at (wrapper managed-to-native) System.Object.__icall_wrapper_ves_icall_array_new_specific(intptr,int)
  at System.IO.MemoryStream..ctor (System.Int32 capacity) [0x00023] in <7b5f9a2f7db343a4ab54846ed680277b>:0 
  at (wrapper remoting-invoke-with-check) System.IO.MemoryStream..ctor(int)
  at Mono.Cecil.ModuleDefinition.ReadModule (System.String fileName, Mono.Cecil.ReaderParameters parameters) [0x0002e] in <ebb9e4250ed24cbfa42055e3532ef311>:0 
  at Mono.Cecil.BaseAssemblyResolver.GetAssembly (System.String file, Mono.Cecil.ReaderParameters parameters) [0x0000f] in <ebb9e4250ed24cbfa42055e3532ef311>:0 
  at Mono.Cecil.BaseAssemblyResolver.SearchDirectory (Mono.Cecil.AssemblyNameReference name, System.Collections.Generic.IEnumerable`1[T] directories, Mono.Cecil.ReaderParameters parameters) [0x00073] in <ebb9e4250ed24cbfa42055e3532ef311>:0 
  at Mono.Cecil.BaseAssemblyResolver.Resolve (Mono.Cecil.AssemblyNameReference name, Mono.Cecil.ReaderParameters parameters) [0x0000c] in <ebb9e4250ed24cbfa42055e3532ef311>:0 
  at zzzUnity.Burst.CodeGen.AssemblyLoader.Resolve (Mono.Cecil.AssemblyNameReference name) [0x00083] in <685f0c65f2a448a78ba2734aa17d6be3>:0 
  at zzzUnity.Burst.CodeGen.AssemblyLoader.TryGetFullPath (Mono.Cecil.AssemblyNameReference name, System.String& fullPath) [0x00000] in <685f0c65f2a448a78ba2734aa17d6be3>:0 
  at Burst.Compiler.IL.Jit.JitCacheManager.LoadLibraryCache (Burst.Compiler.IL.Jit.GetExternalFunctionPointerDelegate getExternalFunctionPointer, System.String[] assemblyPaths, zzzUnity.Burst.CodeGen.AssemblyLoader assemblyLoader, System.Action`1[T] logDebug) [0x000f3] in <685f0c65f2a448a78ba2734aa17d6be3>:0 
  at Burst.Compiler.IL.Jit.JitCompilerService.EnsureLibraryCacheLoaded (System.String assemblyPaths) [0x0003c] in <685f0c65f2a448a78ba2734aa17d6be3>:0 
  at Burst.Compiler.IL.Jit.JitCompilerService.CompileInternal (System.String fullMethodName, System.String assemblyPaths, System.IntPtr userdata, Unity.Burst.NativeDumpFlags dumpFlags, System.IntPtr compilerCallbackPointer, System.IntPtr logCallBack, System.String compilerFlags) [0x0004a] in <685f0c65f2a448a78ba2734aa17d6be3>:0 
Unity.Burst.LowLevel.BurstCompilerService:GetDisassembly(MethodInfo, String)
Unity.Burst.BurstCompiler:SendCommandToCompiler(String, String)
Unity.Burst.BurstCompiler:IsApiAvailable(String)
Unity.Burst.Editor.BurstLoader:.cctor()
System.Runtime.CompilerServices.RuntimeHelpers:RunClassConstructor(IntPtr)
System.Runtime.CompilerServices.RuntimeHelpers:RunClassConstructor(RuntimeTypeHandle)
UnityEditor.EditorAssemblies:ProcessInitializeOnLoadAttributes(Type[])

Assertion failed on expression: 'exception == SCRIPTING_NULL'
UnityEngine.StackTraceUtility:ExtractStackTrace ()
Unity.Burst.BurstCompiler:SendCommandToCompiler (string,string) (at D:/Uni Temp/Math-Runner/Library/PackageCache/com.unity.burst@1.6.0/Runtime/BurstCompiler.cs:588)
Unity.Burst.BurstCompiler:IsApiAvailable (string) (at D:/Uni Temp/Math-Runner/Library/PackageCache/com.unity.burst@1.6.0/Runtime/BurstCompiler.cs:443)
Unity.Burst.Editor.BurstLoader:.cctor () (at D:/Uni Temp/Math-Runner/Library/PackageCache/com.unity.burst@1.6.0/Runtime/Editor/BurstLoader.cs:244)
System.Runtime.CompilerServices.RuntimeHelpers:RunClassConstructor (System.RuntimeTypeHandle)
UnityEditor.EditorAssemblies:ProcessInitializeOnLoadAttributes (System.Type[])

[D:/Uni Temp/Math-Runner/Library/PackageCache/com.unity.burst@1.6.0/Runtime/BurstCompiler.cs line 588]

OutOfMemoryException: Out of memory
  at (wrapper managed-to-native) System.Object.__icall_wrapper_ves_icall_array_new_specific(intptr,int)
  at System.IO.MemoryStream..ctor (System.Int32 capacity) [0x00023] in <7b5f9a2f7db343a4ab54846ed680277b>:0 
  at (wrapper remoting-invoke-with-check) System.IO.MemoryStream..ctor(int)
  at Mono.Cecil.ModuleDefinition.ReadModule (System.String fileName, Mono.Cecil.ReaderParameters parameters) [0x0002e] in <ebb9e4250ed24cbfa42055e3532ef311>:0 
  at Mono.Cecil.BaseAssemblyResolver.GetAssembly (System.String file, Mono.Cecil.ReaderParameters parameters) [0x0000f] in <ebb9e4250ed24cbfa42055e3532ef311>:0 
  at Mono.Cecil.BaseAssemblyResolver.SearchDirectory (Mono.Cecil.AssemblyNameReference name, System.Collections.Generic.IEnumerable`1[T] directories, Mono.Cecil.ReaderParameters parameters) [0x00073] in <ebb9e4250ed24cbfa42055e3532ef311>:0 
  at Mono.Cecil.BaseAssemblyResolver.Resolve (Mono.Cecil.AssemblyNameReference name, Mono.Cecil.ReaderParameters parameters) [0x0000c] in <ebb9e4250ed24cbfa42055e3532ef311>:0 
  at zzzUnity.Burst.CodeGen.AssemblyLoader.Resolve (Mono.Cecil.AssemblyNameReference name) [0x00083] in <685f0c65f2a448a78ba2734aa17d6be3>:0 
  at zzzUnity.Burst.CodeGen.AssemblyLoader.TryGetFullPath (Mono.Cecil.AssemblyNameReference name, System.String& fullPath) [0x00000] in <685f0c65f2a448a78ba2734aa17d6be3>:0 
  at Burst.Compiler.IL.Jit.JitCacheManager.LoadLibraryCache (Burst.Compiler.IL.Jit.GetExternalFunctionPointerDelegate getExternalFunctionPointer, System.String[] assemblyPaths, zzzUnity.Burst.CodeGen.AssemblyLoader assemblyLoader, System.Action`1[T] logDebug) [0x000f3] in <685f0c65f2a448a78ba2734aa17d6be3>:0 
  at Burst.Compiler.IL.Jit.JitCompilerService.EnsureLibraryCacheLoaded (System.String assemblyPaths) [0x0003c] in <685f0c65f2a448a78ba2734aa17d6be3>:0 
  at Burst.Compiler.IL.Jit.JitCompilerService.CompileInternal (System.String fullMethodName, System.String assemblyPaths, System.IntPtr userdata, Unity.Burst.NativeDumpFlags dumpFlags, System.IntPtr compilerCallbackPointer, System.IntPtr logCallBack, System.String compilerFlags) [0x0004a] in <685f0c65f2a448a78ba2734aa17d6be3>:0 
  at (wrapper managed-to-native) System.Object.__icall_wrapper_ves_icall_array_new_specific(intptr,int)
  at System.IO.MemoryStream..ctor (System.Int32 capacity) [0x00023] in <7b5f9a2f7db343a4ab54846ed680277b>:0 
  at (wrapper remoting-invoke-with-check) System.IO.MemoryStream..ctor(int)
  at Mono.Cecil.ModuleDefinition.ReadModule (System.String fileName, Mono.Cecil.ReaderParameters parameters) [0x0002e] in <ebb9e4250ed24cbfa42055e3532ef311>:0 
  at Mono.Cecil.BaseAssemblyResolver.GetAssembly (System.String file, Mono.Cecil.ReaderParameters parameters) [0x0000f] in <ebb9e4250ed24cbfa42055e3532ef311>:0 
  at Mono.Cecil.BaseAssemblyResolver.SearchDirectory (Mono.Cecil.AssemblyNameReference name, System.Collections.Generic.IEnumerable`1[T] directories, Mono.Cecil.ReaderParameters parameters) [0x00073] in <ebb9e4250ed24cbfa42055e3532ef311>:0 
  at Mono.Cecil.BaseAssemblyResolver.Resolve (Mono.Cecil.AssemblyNameReference name, Mono.Cecil.ReaderParameters parameters) [0x0000c] in <ebb9e4250ed24cbfa42055e3532ef311>:0 
  at zzzUnity.Burst.CodeGen.AssemblyLoader.Resolve (Mono.Cecil.AssemblyNameReference name) [0x00083] in <685f0c65f2a448a78ba2734aa17d6be3>:0 
  at zzzUnity.Burst.CodeGen.AssemblyLoader.TryGetFullPath (Mono.Cecil.AssemblyNameReference name, System.String& fullPath) [0x00000] in <685f0c65f2a448a78ba2734aa17d6be3>:0 
  at Burst.Compiler.IL.Jit.JitCacheManager.LoadLibraryCache (Burst.Compiler.IL.Jit.GetExternalFunctionPointerDelegate getExternalFunctionPointer, System.String[] assemblyPaths, zzzUnity.Burst.CodeGen.AssemblyLoader assemblyLoader, System.Action`1[T] logDebug) [0x000f3] in <685f0c65f2a448a78ba2734aa17d6be3>:0 
  at Burst.Compiler.IL.Jit.JitCompilerService.EnsureLibraryCacheLoaded (System.String assemblyPaths) [0x0003c] in <685f0c65f2a448a78ba2734aa17d6be3>:0 
  at Burst.Compiler.IL.Jit.JitCompilerService.CompileInternal (System.String fullMethodName, System.String assemblyPaths, System.IntPtr userdata, Unity.Burst.NativeDumpFlags dumpFlags, System.IntPtr compilerCallbackPointer, System.IntPtr logCallBack, System.String compilerFlags) [0x0004a] in <685f0c65f2a448a78ba2734aa17d6be3>:0 
Unity.Burst.LowLevel.BurstCompilerService:GetDisassembly(MethodInfo, String)
Unity.Burst.BurstCompiler:SendCommandToCompiler(String, String)
Unity.Burst.BurstCompiler:VersionNotify(String)
Unity.Burst.Editor.BurstLoader:VersionUpdateCheck()
Unity.Burst.Editor.BurstLoader:.cctor()
System.Runtime.CompilerServices.RuntimeHelpers:RunClassConstructor(IntPtr)
System.Runtime.CompilerServices.RuntimeHelpers:RunClassConstructor(RuntimeTypeHandle)
UnityEditor.EditorAssemblies:ProcessInitializeOnLoadAttributes(Type[])

Assertion failed on expression: 'exception == SCRIPTING_NULL'
UnityEngine.StackTraceUtility:ExtractStackTrace ()
Unity.Burst.BurstCompiler:SendCommandToCompiler (string,string) (at D:/Uni Temp/Math-Runner/Library/PackageCache/com.unity.burst@1.6.0/Runtime/BurstCompiler.cs:588)
Unity.Burst.BurstCompiler:VersionNotify (string) (at D:/Uni Temp/Math-Runner/Library/PackageCache/com.unity.burst@1.6.0/Runtime/BurstCompiler.cs:370)
Unity.Burst.Editor.BurstLoader:VersionUpdateCheck () (at D:/Uni Temp/Math-Runner/Library/PackageCache/com.unity.burst@1.6.0/Runtime/Editor/BurstLoader.cs:75)
Unity.Burst.Editor.BurstLoader:.cctor () (at D:/Uni Temp/Math-Runner/Library/PackageCache/com.unity.burst@1.6.0/Runtime/Editor/BurstLoader.cs:244)
System.Runtime.CompilerServices.RuntimeHelpers:RunClassConstructor (System.RuntimeTypeHandle)
UnityEditor.EditorAssemblies:ProcessInitializeOnLoadAttributes (System.Type[])

[D:/Uni Temp/Math-Runner/Library/PackageCache/com.unity.burst@1.6.0/Runtime/BurstCompiler.cs line 588]

OutOfMemoryException: Out of memory
  at (wrapper managed-to-native) System.Object.__icall_wrapper_ves_icall_array_new_specific(intptr,int)
  at System.IO.MemoryStream..ctor (System.Int32 capacity) [0x00023] in <7b5f9a2f7db343a4ab54846ed680277b>:0 
  at (wrapper remoting-invoke-with-check) System.IO.MemoryStream..ctor(int)
  at Mono.Cecil.ModuleDefinition.ReadModule (System.String fileName, Mono.Cecil.ReaderParameters parameters) [0x0002e] in <ebb9e4250ed24cbfa42055e3532ef311>:0 
  at Mono.Cecil.BaseAssemblyResolver.GetAssembly (System.String file, Mono.Cecil.ReaderParameters parameters) [0x0000f] in <ebb9e4250ed24cbfa42055e3532ef311>:0 
  at Mono.Cecil.BaseAssemblyResolver.SearchDirectory (Mono.Cecil.AssemblyNameReference name, System.Collections.Generic.IEnumerable`1[T] directories, Mono.Cecil.ReaderParameters parameters) [0x00073] in <ebb9e4250ed24cbfa42055e3532ef311>:0 
  at Mono.Cecil.BaseAssemblyResolver.Resolve (Mono.Cecil.AssemblyNameReference name, Mono.Cecil.ReaderParameters parameters) [0x0000c] in <ebb9e4250ed24cbfa42055e3532ef311>:0 
  at zzzUnity.Burst.CodeGen.AssemblyLoader.Resolve (Mono.Cecil.AssemblyNameReference name) [0x00083] in <685f0c65f2a448a78ba2734aa17d6be3>:0 
  at zzzUnity.Burst.CodeGen.AssemblyLoader.TryGetFullPath (Mono.Cecil.AssemblyNameReference name, System.String& fullPath) [0x00000] in <685f0c65f2a448a78ba2734aa17d6be3>:0 
  at Burst.Compiler.IL.Jit.JitCacheManager.LoadLibraryCache (Burst.Compiler.IL.Jit.GetExternalFunctionPointerDelegate getExternalFunctionPointer, System.String[] assemblyPaths, zzzUnity.Burst.CodeGen.AssemblyLoader assemblyLoader, System.Action`1[T] logDebug) [0x000f3] in <685f0c65f2a448a78ba2734aa17d6be3>:0 
  at Burst.Compiler.IL.Jit.JitCompilerService.EnsureLibraryCacheLoaded (System.String assemblyPaths) [0x0003c] in <685f0c65f2a448a78ba2734aa17d6be3>:0 
  at Burst.Compiler.IL.Jit.JitCompilerService.CompileInternal (System.String fullMethodName, System.String assemblyPaths, System.IntPtr userdata, Unity.Burst.NativeDumpFlags dumpFlags, System.IntPtr compilerCallbackPointer, System.IntPtr logCallBack, System.String compilerFlags) [0x0004a] in <685f0c65f2a448a78ba2734aa17d6be3>:0 
  at (wrapper managed-to-native) System.Object.__icall_wrapper_ves_icall_array_new_specific(intptr,int)
  at System.IO.MemoryStream..ctor (System.Int32 capacity) [0x00023] in <7b5f9a2f7db343a4ab54846ed680277b>:0 
  at (wrapper remoting-invoke-with-check) System.IO.MemoryStream..ctor(int)
  at Mono.Cecil.ModuleDefinition.ReadModule (System.String fileName, Mono.Cecil.ReaderParameters parameters) [0x0002e] in <ebb9e4250ed24cbfa42055e3532ef311>:0 
  at Mono.Cecil.BaseAssemblyResolver.GetAssembly (System.String file, Mono.Cecil.ReaderParameters parameters) [0x0000f] in <ebb9e4250ed24cbfa42055e3532ef311>:0 
  at Mono.Cecil.BaseAssemblyResolver.SearchDirectory (Mono.Cecil.AssemblyNameReference name, System.Collections.Generic.IEnumerable`1[T] directories, Mono.Cecil.ReaderParameters parameters) [0x00073] in <ebb9e4250ed24cbfa42055e3532ef311>:0 
  at Mono.Cecil.BaseAssemblyResolver.Resolve (Mono.Cecil.AssemblyNameReference name, Mono.Cecil.ReaderParameters parameters) [0x0000c] in <ebb9e4250ed24cbfa42055e3532ef311>:0 
  at zzzUnity.Burst.CodeGen.AssemblyLoader.Resolve (Mono.Cecil.AssemblyNameReference name) [0x00083] in <685f0c65f2a448a78ba2734aa17d6be3>:0 
  at zzzUnity.Burst.CodeGen.AssemblyLoader.TryGetFullPath (Mono.Cecil.AssemblyNameReference name, System.String& fullPath) [0x00000] in <685f0c65f2a448a78ba2734aa17d6be3>:0 
  at Burst.Compiler.IL.Jit.JitCacheManager.LoadLibraryCache (Burst.Compiler.IL.Jit.GetExternalFunctionPointerDelegate getExternalFunctionPointer, System.String[] assemblyPaths, zzzUnity.Burst.CodeGen.AssemblyLoader assemblyLoader, System.Action`1[T] logDebug) [0x000f3] in <685f0c65f2a448a78ba2734aa17d6be3>:0 
  at Burst.Compiler.IL.Jit.JitCompilerService.EnsureLibraryCacheLoaded (System.String assemblyPaths) [0x0003c] in <685f0c65f2a448a78ba2734aa17d6be3>:0 
  at Burst.Compiler.IL.Jit.JitCompilerService.CompileInternal (System.String fullMethodName, System.String assemblyPaths, System.IntPtr userdata, Unity.Burst.NativeDumpFlags dumpFlags, System.IntPtr compilerCallbackPointer, System.IntPtr logCallBack, System.String compilerFlags) [0x0004a] in <685f0c65f2a448a78ba2734aa17d6be3>:0 
  at (wrapper managed-to-native) System.Object.__icall_wrapper_ves_icall_array_new_specific(intptr,int)
  at System.IO.MemoryStream..ctor (System.Int32 capacity) [0x00023] in <7b5f9a2f7db343a4ab54846ed680277b>:0 
  at (wrapper remoting-invoke-with-check) System.IO.MemoryStream..ctor(int)
  at Mono.Cecil.ModuleDefinition.ReadModule (System.String fileName, Mono.Cecil.ReaderParameters parameters) [0x0002e] in <ebb9e4250ed24cbfa42055e3532ef311>:0 
  at Mono.Cecil.BaseAssemblyResolver.GetAssembly (System.String file, Mono.Cecil.ReaderParameters parameters) [0x0000f] in <ebb9e4250ed24cbfa42055e3532ef311>:0 
  at Mono.Cecil.BaseAssemblyResolver.SearchDirectory (Mono.Cecil.AssemblyNameReference name, System.Collections.Generic.IEnumerable`1[T] directories, Mono.Cecil.ReaderParameters parameters) [0x00073] in <ebb9e4250ed24cbfa42055e3532ef311>:0 
  at Mono.Cecil.BaseAssemblyResolver.Resolve (Mono.Cecil.AssemblyNameReference name, Mono.Cecil.ReaderParameters parameters) [0x0000c] in <ebb9e4250ed24cbfa42055e3532ef311>:0 
  at zzzUnity.Burst.CodeGen.AssemblyLoader.Resolve (Mono.Cecil.AssemblyNameReference name) [0x00083] in <685f0c65f2a448a78ba2734aa17d6be3>:0 
  at zzzUnity.Burst.CodeGen.AssemblyLoader.TryGetFullPath (Mono.Cecil.AssemblyNameReference name, System.String& fullPath) [0x00000] in <685f0c65f2a448a78ba2734aa17d6be3>:0 
  at Burst.Compiler.IL.Jit.JitCacheManager.LoadLibraryCache (Burst.Compiler.IL.Jit.GetExternalFunctionPointerDelegate getExternalFunctionPointer, System.String[] assemblyPaths, zzzUnity.Burst.CodeGen.AssemblyLoader assemblyLoader, System.Action`1[T] logDebug) [0x000f3] in <685f0c65f2a448a78ba2734aa17d6be3>:0 
  at Burst.Compiler.IL.Jit.JitCompilerService.EnsureLibraryCacheLoaded (System.String assemblyPaths) [0x0003c] in <685f0c65f2a448a78ba2734aa17d6be3>:0 
  at Burst.Compiler.IL.Jit.JitCompilerService.CompileInternal (System.String fullMethodName, System.String assemblyPaths, System.IntPtr userdata, Unity.Burst.NativeDumpFlags dumpFlags, System.IntPtr compilerCallbackPointer, System.IntPtr logCallBack, System.String compilerFlags) [0x0004a] in <685f0c65f2a448a78ba2734aa17d6be3>:0 
Unity.Burst.LowLevel.BurstCompilerService:GetDisassembly(MethodInfo, String)
Unity.Burst.BurstCompiler:SendCommandToCompiler(String, String)
Unity.Burst.BurstCompiler:DomainReload()
Unity.Burst.Editor.BurstLoader:.cctor()
System.Runtime.CompilerServices.RuntimeHelpers:RunClassConstructor(IntPtr)
System.Runtime.CompilerServices.RuntimeHelpers:RunClassConstructor(RuntimeTypeHandle)
UnityEditor.EditorAssemblies:ProcessInitializeOnLoadAttributes(Type[])

Assertion failed on expression: 'exception == SCRIPTING_NULL'
UnityEngine.StackTraceUtility:ExtractStackTrace ()
Unity.Burst.BurstCompiler:SendCommandToCompiler (string,string) (at D:/Uni Temp/Math-Runner/Library/PackageCache/com.unity.burst@1.6.0/Runtime/BurstCompiler.cs:588)
Unity.Burst.BurstCompiler:DomainReload () (at D:/Uni Temp/Math-Runner/Library/PackageCache/com.unity.burst@1.6.0/Runtime/BurstCompiler.cs:366)
Unity.Burst.Editor.BurstLoader:.cctor () (at D:/Uni Temp/Math-Runner/Library/PackageCache/com.unity.burst@1.6.0/Runtime/Editor/BurstLoader.cs:244)
System.Runtime.CompilerServices.RuntimeHelpers:RunClassConstructor (System.RuntimeTypeHandle)
UnityEditor.EditorAssemblies:ProcessInitializeOnLoadAttributes (System.Type[])

[D:/Uni Temp/Math-Runner/Library/PackageCache/com.unity.burst@1.6.0/Runtime/BurstCompiler.cs line 588]

OutOfMemoryException: Out of memory
  at (wrapper managed-to-native) System.Object.__icall_wrapper_ves_icall_array_new_specific(intptr,int)
  at System.IO.MemoryStream..ctor (System.Int32 capacity) [0x00023] in <7b5f9a2f7db343a4ab54846ed680277b>:0 
  at (wrapper remoting-invoke-with-check) System.IO.MemoryStream..ctor(int)
  at Mono.Cecil.ModuleDefinition.ReadModule (System.String fileName, Mono.Cecil.ReaderParameters parameters) [0x0002e] in <ebb9e4250ed24cbfa42055e3532ef311>:0 
  at Mono.Cecil.BaseAssemblyResolver.GetAssembly (System.String file, Mono.Cecil.ReaderParameters parameters) [0x0000f] in <ebb9e4250ed24cbfa42055e3532ef311>:0 
  at Mono.Cecil.BaseAssemblyResolver.SearchDirectory (Mono.Cecil.AssemblyNameReference name, System.Collections.Generic.IEnumerable`1[T] directories, Mono.Cecil.ReaderParameters parameters) [0x00073] in <ebb9e4250ed24cbfa42055e3532ef311>:0 
  at Mono.Cecil.BaseAssemblyResolver.Resolve (Mono.Cecil.AssemblyNameReference name, Mono.Cecil.ReaderParameters parameters) [0x0000c] in <ebb9e4250ed24cbfa42055e3532ef311>:0 
  at zzzUnity.Burst.CodeGen.AssemblyLoader.Resolve (Mono.Cecil.AssemblyNameReference name) [0x00083] in <685f0c65f2a448a78ba2734aa17d6be3>:0 
  at zzzUnity.Burst.CodeGen.AssemblyLoader.TryGetFullPath (Mono.Cecil.AssemblyNameReference name, System.String& fullPath) [0x00000] in <685f0c65f2a448a78ba2734aa17d6be3>:0 
  at Burst.Compiler.IL.Jit.JitCacheManager.LoadLibraryCache (Burst.Compiler.IL.Jit.GetExternalFunctionPointerDelegate getExternalFunctionPointer, System.String[] assemblyPaths, zzzUnity.Burst.CodeGen.AssemblyLoader assemblyLoader, System.Action`1[T] logDebug) [0x000f3] in <685f0c65f2a448a78ba2734aa17d6be3>:0 
  at Burst.Compiler.IL.Jit.JitCompilerService.EnsureLibraryCacheLoaded (System.String assemblyPaths) [0x0003c] in <685f0c65f2a448a78ba2734aa17d6be3>:0 
  at Burst.Compiler.IL.Jit.JitCompilerService.CompileInternal (System.String fullMethodName, System.String assemblyPaths, System.IntPtr userdata, Unity.Burst.NativeDumpFlags dumpFlags, System.IntPtr compilerCallbackPointer, System.IntPtr logCallBack, System.String compilerFlags) [0x0004a] in <685f0c65f2a448a78ba2734aa17d6be3>:0 
  at (wrapper managed-to-native) System.Object.__icall_wrapper_ves_icall_array_new_specific(intptr,int)
  at System.IO.MemoryStream..ctor (System.Int32 capacity) [0x00023] in <7b5f9a2f7db343a4ab54846ed680277b>:0 
  at (wrapper remoting-invoke-with-check) System.IO.MemoryStream..ctor(int)
  at Mono.Cecil.ModuleDefinition.ReadModule (System.String fileName, Mono.Cecil.ReaderParameters parameters) [0x0002e] in <ebb9e4250ed24cbfa42055e3532ef311>:0 
  at Mono.Cecil.BaseAssemblyResolver.GetAssembly (System.String file, Mono.Cecil.ReaderParameters parameters) [0x0000f] in <ebb9e4250ed24cbfa42055e3532ef311>:0 
  at Mono.Cecil.BaseAssemblyResolver.SearchDirectory (Mono.Cecil.AssemblyNameReference name, System.Collections.Generic.IEnumerable`1[T] directories, Mono.Cecil.ReaderParameters parameters) [0x00073] in <ebb9e4250ed24cbfa42055e3532ef311>:0 
  at Mono.Cecil.BaseAssemblyResolver.Resolve (Mono.Cecil.AssemblyNameReference name, Mono.Cecil.ReaderParameters parameters) [0x0000c] in <ebb9e4250ed24cbfa42055e3532ef311>:0 
  at zzzUnity.Burst.CodeGen.AssemblyLoader.Resolve (Mono.Cecil.AssemblyNameReference name) [0x00083] in <685f0c65f2a448a78ba2734aa17d6be3>:0 
  at zzzUnity.Burst.CodeGen.AssemblyLoader.TryGetFullPath (Mono.Cecil.AssemblyNameReference name, System.String& fullPath) [0x00000] in <685f0c65f2a448a78ba2734aa17d6be3>:0 
  at Burst.Compiler.IL.Jit.JitCacheManager.LoadLibraryCache (Burst.Compiler.IL.Jit.GetExternalFunctionPointerDelegate getExternalFunctionPointer, System.String[] assemblyPaths, zzzUnity.Burst.CodeGen.AssemblyLoader assemblyLoader, System.Action`1[T] logDebug) [0x000f3] in <685f0c65f2a448a78ba2734aa17d6be3>:0 
  at Burst.Compiler.IL.Jit.JitCompilerService.EnsureLibraryCacheLoaded (System.String assemblyPaths) [0x0003c] in <685f0c65f2a448a78ba2734aa17d6be3>:0 
  at Burst.Compiler.IL.Jit.JitCompilerService.CompileInternal (System.String fullMethodName, System.String assemblyPaths, System.IntPtr userdata, Unity.Burst.NativeDumpFlags dumpFlags, System.IntPtr compilerCallbackPointer, System.IntPtr logCallBack, System.String compilerFlags) [0x0004a] in <685f0c65f2a448a78ba2734aa17d6be3>:0 
  at (wrapper managed-to-native) System.Object.__icall_wrapper_ves_icall_array_new_specific(intptr,int)
  at System.IO.MemoryStream..ctor (System.Int32 capacity) [0x00023] in <7b5f9a2f7db343a4ab54846ed680277b>:0 
  at (wrapper remoting-invoke-with-check) System.IO.MemoryStream..ctor(int)
  at Mono.Cecil.ModuleDefinition.ReadModule (System.String fileName, Mono.Cecil.ReaderParameters parameters) [0x0002e] in <ebb9e4250ed24cbfa42055e3532ef311>:0 
  at Mono.Cecil.BaseAssemblyResolver.GetAssembly (System.String file, Mono.Cecil.ReaderParameters parameters) [0x0000f] in <ebb9e4250ed24cbfa42055e3532ef311>:0 
  at Mono.Cecil.BaseAssemblyResolver.SearchDirectory (Mono.Cecil.AssemblyNameReference name, System.Collections.Generic.IEnumerable`1[T] directories, Mono.Cecil.ReaderParameters parameters) [0x00073] in <ebb9e4250ed24cbfa42055e3532ef311>:0 
  at Mono.Cecil.BaseAssemblyResolver.Resolve (Mono.Cecil.AssemblyNameReference name, Mono.Cecil.ReaderParameters parameters) [0x0000c] in <ebb9e4250ed24cbfa42055e3532ef311>:0 
  at zzzUnity.Burst.CodeGen.AssemblyLoader.Resolve (Mono.Cecil.AssemblyNameReference name) [0x00083] in <685f0c65f2a448a78ba2734aa17d6be3>:0 
  at zzzUnity.Burst.CodeGen.AssemblyLoader.TryGetFullPath (Mono.Cecil.AssemblyNameReference name, System.String& fullPath) [0x00000] in <685f0c65f2a448a78ba2734aa17d6be3>:0 
  at Burst.Compiler.IL.Jit.JitCacheManager.LoadLibraryCache (Burst.Compiler.IL.Jit.GetExternalFunctionPointerDelegate getExternalFunctionPointer, System.String[] assemblyPaths, zzzUnity.Burst.CodeGen.AssemblyLoader assemblyLoader, System.Action`1[T] logDebug) [0x000f3] in <685f0c65f2a448a78ba2734aa17d6be3>:0 
  at Burst.Compiler.IL.Jit.JitCompilerService.EnsureLibraryCacheLoaded (System.String assemblyPaths) [0x0003c] in <685f0c65f2a448a78ba2734aa17d6be3>:0 
  at Burst.Compiler.IL.Jit.JitCompilerService.CompileInternal (System.String fullMethodName, System.String assemblyPaths, System.IntPtr userdata, Unity.Burst.NativeDumpFlags dumpFlags, System.IntPtr compilerCallbackPointer, System.IntPtr logCallBack, System.String compilerFlags) [0x0004a] in <685f0c65f2a448a78ba2734aa17d6be3>:0 
  at (wrapper managed-to-native) System.Object.__icall_wrapper_ves_icall_array_new_specific(intptr,int)
  at System.IO.MemoryStream..ctor (System.Int32 capacity) [0x00023] in <7b5f9a2f7db343a4ab54846ed680277b>:0 
  at (wrapper remoting-invoke-with-check) System.IO.MemoryStream..ctor(int)
  at Mono.Cecil.ModuleDefinition.ReadModule (System.String fileName, Mono.Cecil.ReaderParameters parameters) [0x0002e] in <ebb9e4250ed24cbfa42055e3532ef311>:0 
  at Mono.Cecil.BaseAssemblyResolver.GetAssembly (System.String file, Mono.Cecil.ReaderParameters parameters) [0x0000f] in <ebb9e4250ed24cbfa42055e3532ef311>:0 
  at Mono.Cecil.BaseAssemblyResolver.SearchDirectory (Mono.Cecil.AssemblyNameReference name, System.Collections.Generic.IEnumerable`1[T] directories, Mono.Cecil.ReaderParameters parameters) [0x00073] in <ebb9e4250ed24cbfa42055e3532ef311>:0 
  at Mono.Cecil.BaseAssemblyResolver.Resolve (Mono.Cecil.AssemblyNameReference name, Mono.Cecil.ReaderParameters parameters) [0x0000c] in <ebb9e4250ed24cbfa42055e3532ef311>:0 
  at zzzUnity.Burst.CodeGen.AssemblyLoader.Resolve (Mono.Cecil.AssemblyNameReference name) [0x00083] in <685f0c65f2a448a78ba2734aa17d6be3>:0 
  at zzzUnity.Burst.CodeGen.AssemblyLoader.TryGetFullPath (Mono.Cecil.AssemblyNameReference name, System.String& fullPath) [0x00000] in <685f0c65f2a448a78ba2734aa17d6be3>:0 
  at Burst.Compiler.IL.Jit.JitCacheManager.LoadLibraryCache (Burst.Compiler.IL.Jit.GetExternalFunctionPointerDelegate getExternalFunctionPointer, System.String[] assemblyPaths, zzzUnity.Burst.CodeGen.AssemblyLoader assemblyLoader, System.Action`1[T] logDebug) [0x000f3] in <685f0c65f2a448a78ba2734aa17d6be3>:0 
  at Burst.Compiler.IL.Jit.JitCompilerService.EnsureLibraryCacheLoaded (System.String assemblyPaths) [0x0003c] in <685f0c65f2a448a78ba2734aa17d6be3>:0 
  at Burst.Compiler.IL.Jit.JitCompilerService.CompileInternal (System.String fullMethodName, System.String assemblyPaths, System.IntPtr userdata, Unity.Burst.NativeDumpFlags dumpFlags, System.IntPtr compilerCallbackPointer, System.IntPtr logCallBack, System.String compilerFlags) [0x0004a] in <685f0c65f2a448a78ba2734aa17d6be3>:0 
Unity.Burst.LowLevel.BurstCompilerService:GetDisassembly(MethodInfo, String)
Unity.Burst.BurstCompiler:SendCommandToCompiler(String, String)
Unity.Burst.BurstCompiler:SetProgressCallback()
Unity.Burst.Editor.BurstLoader:.cctor()
System.Runtime.CompilerServices.RuntimeHelpers:RunClassConstructor(IntPtr)
System.Runtime.CompilerServices.RuntimeHelpers:RunClassConstructor(RuntimeTypeHandle)
UnityEditor.EditorAssemblies:ProcessInitializeOnLoadAttributes(Type[])

Assertion failed on expression: 'exception == SCRIPTING_NULL'
UnityEngine.StackTraceUtility:ExtractStackTrace ()
Unity.Burst.BurstCompiler:SendCommandToCompiler (string,string) (at D:/Uni Temp/Math-Runner/Library/PackageCache/com.unity.burst@1.6.0/Runtime/BurstCompiler.cs:588)
Unity.Burst.BurstCompiler:SetProgressCallback () (at D:/Uni Temp/Math-Runner/Library/PackageCache/com.unity.burst@1.6.0/Runtime/BurstCompiler.cs:523)
Unity.Burst.Editor.BurstLoader:.cctor () (at D:/Uni Temp/Math-Runner/Library/PackageCache/com.unity.burst@1.6.0/Runtime/Editor/BurstLoader.cs:244)
System.Runtime.CompilerServices.RuntimeHelpers:RunClassConstructor (System.RuntimeTypeHandle)
UnityEditor.EditorAssemblies:ProcessInitializeOnLoadAttributes (System.Type[])

[D:/Uni Temp/Math-Runner/Library/PackageCache/com.unity.burst@1.6.0/Runtime/BurstCompiler.cs line 588]

OutOfMemoryException: Out of memory
  at (wrapper managed-to-native) System.Object.__icall_wrapper_ves_icall_array_new_specific(intptr,int)
  at System.IO.MemoryStream..ctor (System.Int32 capacity) [0x00023] in <7b5f9a2f7db343a4ab54846ed680277b>:0 
  at (wrapper remoting-invoke-with-check) System.IO.MemoryStream..ctor(int)
  at Mono.Cecil.ModuleDefinition.ReadModule (System.String fileName, Mono.Cecil.ReaderParameters parameters) [0x0002e] in <ebb9e4250ed24cbfa42055e3532ef311>:0 
  at Mono.Cecil.BaseAssemblyResolver.GetAssembly (System.String file, Mono.Cecil.ReaderParameters parameters) [0x0000f] in <ebb9e4250ed24cbfa42055e3532ef311>:0 
  at Mono.Cecil.BaseAssemblyResolver.SearchDirectory (Mono.Cecil.AssemblyNameReference name, System.Collections.Generic.IEnumerable`1[T] directories, Mono.Cecil.ReaderParameters parameters) [0x00073] in <ebb9e4250ed24cbfa42055e3532ef311>:0 
  at Mono.Cecil.BaseAssemblyResolver.Resolve (Mono.Cecil.AssemblyNameReference name, Mono.Cecil.ReaderParameters parameters) [0x0000c] in <ebb9e4250ed24cbfa42055e3532ef311>:0 
  at zzzUnity.Burst.CodeGen.AssemblyLoader.Resolve (Mono.Cecil.AssemblyNameReference name) [0x00083] in <685f0c65f2a448a78ba2734aa17d6be3>:0 
  at zzzUnity.Burst.CodeGen.AssemblyLoader.TryGetFullPath (Mono.Cecil.AssemblyNameReference name, System.String& fullPath) [0x00000] in <685f0c65f2a448a78ba2734aa17d6be3>:0 
  at Burst.Compiler.IL.Jit.JitCacheManager.LoadLibraryCache (Burst.Compiler.IL.Jit.GetExternalFunctionPointerDelegate getExternalFunctionPointer, System.String[] assemblyPaths, zzzUnity.Burst.CodeGen.AssemblyLoader assemblyLoader, System.Action`1[T] logDebug) [0x000f3] in <685f0c65f2a448a78ba2734aa17d6be3>:0 
  at Burst.Compiler.IL.Jit.JitCompilerService.EnsureLibraryCacheLoaded (System.String assemblyPaths) [0x0003c] in <685f0c65f2a448a78ba2734aa17d6be3>:0 
  at Burst.Compiler.IL.Jit.JitCompilerService.CompileInternal (System.String fullMethodName, System.String assemblyPaths, System.IntPtr userdata, Unity.Burst.NativeDumpFlags dumpFlags, System.IntPtr compilerCallbackPointer, System.IntPtr logCallBack, System.String compilerFlags) [0x0004a] in <685f0c65f2a448a78ba2734aa17d6be3>:0 
  at (wrapper managed-to-native) System.Object.__icall_wrapper_ves_icall_array_new_specific(intptr,int)
  at System.IO.MemoryStream..ctor (System.Int32 capacity) [0x00023] in <7b5f9a2f7db343a4ab54846ed680277b>:0 
  at (wrapper remoting-invoke-with-check) System.IO.MemoryStream..ctor(int)
  at Mono.Cecil.ModuleDefinition.ReadModule (System.String fileName, Mono.Cecil.ReaderParameters parameters) [0x0002e] in <ebb9e4250ed24cbfa42055e3532ef311>:0 
  at Mono.Cecil.BaseAssemblyResolver.GetAssembly (System.String file, Mono.Cecil.ReaderParameters parameters) [0x0000f] in <ebb9e4250ed24cbfa42055e3532ef311>:0 
  at Mono.Cecil.BaseAssemblyResolver.SearchDirectory (Mono.Cecil.AssemblyNameReference name, System.Collections.Generic.IEnumerable`1[T] directories, Mono.Cecil.ReaderParameters parameters) [0x00073] in <ebb9e4250ed24cbfa42055e3532ef311>:0 
  at Mono.Cecil.BaseAssemblyResolver.Resolve (Mono.Cecil.AssemblyNameReference name, Mono.Cecil.ReaderParameters parameters) [0x0000c] in <ebb9e4250ed24cbfa42055e3532ef311>:0 
  at zzzUnity.Burst.CodeGen.AssemblyLoader.Resolve (Mono.Cecil.AssemblyNameReference name) [0x00083] in <685f0c65f2a448a78ba2734aa17d6be3>:0 
  at zzzUnity.Burst.CodeGen.AssemblyLoader.TryGetFullPath (Mono.Cecil.AssemblyNameReference name, System.String& fullPath) [0x00000] in <685f0c65f2a448a78ba2734aa17d6be3>:0 
  at Burst.Compiler.IL.Jit.JitCacheManager.LoadLibraryCache (Burst.Compiler.IL.Jit.GetExternalFunctionPointerDelegate getExternalFunctionPointer, System.String[] assemblyPaths, zzzUnity.Burst.CodeGen.AssemblyLoader assemblyLoader, System.Action`1[T] logDebug) [0x000f3] in <685f0c65f2a448a78ba2734aa17d6be3>:0 
  at Burst.Compiler.IL.Jit.JitCompilerService.EnsureLibraryCacheLoaded (System.String assemblyPaths) [0x0003c] in <685f0c65f2a448a78ba2734aa17d6be3>:0 
  at Burst.Compiler.IL.Jit.JitCompilerService.CompileInternal (System.String fullMethodName, System.String assemblyPaths, System.IntPtr userdata, Unity.Burst.NativeDumpFlags dumpFlags, System.IntPtr compilerCallbackPointer, System.IntPtr logCallBack, System.String compilerFlags) [0x0004a] in <685f0c65f2a448a78ba2734aa17d6be3>:0 
  at (wrapper managed-to-native) System.Object.__icall_wrapper_ves_icall_array_new_specific(intptr,int)
  at System.IO.MemoryStream..ctor (System.Int32 capacity) [0x00023] in <7b5f9a2f7db343a4ab54846ed680277b>:0 
  at (wrapper remoting-invoke-with-check) System.IO.MemoryStream..ctor(int)
  at Mono.Cecil.ModuleDefinition.ReadModule (System.String fileName, Mono.Cecil.ReaderParameters parameters) [0x0002e] in <ebb9e4250ed24cbfa42055e3532ef311>:0 
  at Mono.Cecil.BaseAssemblyResolver.GetAssembly (System.String file, Mono.Cecil.ReaderParameters parameters) [0x0000f] in <ebb9e4250ed24cbfa42055e3532ef311>:0 
  at Mono.Cecil.BaseAssemblyResolver.SearchDirectory (Mono.Cecil.AssemblyNameReference name, System.Collections.Generic.IEnumerable`1[T] directories, Mono.Cecil.ReaderParameters parameters) [0x00073] in <ebb9e4250ed24cbfa42055e3532ef311>:0 
  at Mono.Cecil.BaseAssemblyResolver.Resolve (Mono.Cecil.AssemblyNameReference name, Mono.Cecil.ReaderParameters parameters) [0x0000c] in <ebb9e4250ed24cbfa42055e3532ef311>:0 
  at zzzUnity.Burst.CodeGen.AssemblyLoader.Resolve (Mono.Cecil.AssemblyNameReference name) [0x00083] in <685f0c65f2a448a78ba2734aa17d6be3>:0 
  at zzzUnity.Burst.CodeGen.AssemblyLoader.TryGetFullPath (Mono.Cecil.AssemblyNameReference name, System.String& fullPath) [0x00000] in <685f0c65f2a448a78ba2734aa17d6be3>:0 
  at Burst.Compiler.IL.Jit.JitCacheManager.LoadLibraryCache (Burst.Compiler.IL.Jit.GetExternalFunctionPointerDelegate getExternalFunctionPointer, System.String[] assemblyPaths, zzzUnity.Burst.CodeGen.AssemblyLoader assemblyLoader, System.Action`1[T] logDebug) [0x000f3] in <685f0c65f2a448a78ba2734aa17d6be3>:0 
  at Burst.Compiler.IL.Jit.JitCompilerService.EnsureLibraryCacheLoaded (System.String assemblyPaths) [0x0003c] in <685f0c65f2a448a78ba2734aa17d6be3>:0 
  at Burst.Compiler.IL.Jit.JitCompilerService.CompileInternal (System.String fullMethodName, System.String assemblyPaths, System.IntPtr userdata, Unity.Burst.NativeDumpFlags dumpFlags, System.IntPtr compilerCallbackPointer, System.IntPtr logCallBack, System.String compilerFlags) [0x0004a] in <685f0c65f2a448a78ba2734aa17d6be3>:0 
  at (wrapper managed-to-native) System.Object.__icall_wrapper_ves_icall_array_new_specific(intptr,int)
  at System.IO.MemoryStream..ctor (System.Int32 capacity) [0x00023] in <7b5f9a2f7db343a4ab54846ed680277b>:0 
  at (wrapper remoting-invoke-with-check) System.IO.MemoryStream..ctor(int)
  at Mono.Cecil.ModuleDefinition.ReadModule (System.String fileName, Mono.Cecil.ReaderParameters parameters) [0x0002e] in <ebb9e4250ed24cbfa42055e3532ef311>:0 
  at Mono.Cecil.BaseAssemblyResolver.GetAssembly (System.String file, Mono.Cecil.ReaderParameters parameters) [0x0000f] in <ebb9e4250ed24cbfa42055e3532ef311>:0 
  at Mono.Cecil.BaseAssemblyResolver.SearchDirectory (Mono.Cecil.AssemblyNameReference name, System.Collections.Generic.IEnumerable`1[T] directories, Mono.Cecil.ReaderParameters parameters) [0x00073] in <ebb9e4250ed24cbfa42055e3532ef311>:0 
  at Mono.Cecil.BaseAssemblyResolver.Resolve (Mono.Cecil.AssemblyNameReference name, Mono.Cecil.ReaderParameters parameters) [0x0000c] in <ebb9e4250ed24cbfa42055e3532ef311>:0 
  at zzzUnity.Burst.CodeGen.AssemblyLoader.Resolve (Mono.Cecil.AssemblyNameReference name) [0x00083] in <685f0c65f2a448a78ba2734aa17d6be3>:0 
  at zzzUnity.Burst.CodeGen.AssemblyLoader.TryGetFullPath (Mono.Cecil.AssemblyNameReference name, System.String& fullPath) [0x00000] in <685f0c65f2a448a78ba2734aa17d6be3>:0 
  at Burst.Compiler.IL.Jit.JitCacheManager.LoadLibraryCache (Burst.Compiler.IL.Jit.GetExternalFunctionPointerDelegate getExternalFunctionPointer, System.String[] assemblyPaths, zzzUnity.Burst.CodeGen.AssemblyLoader assemblyLoader, System.Action`1[T] logDebug) [0x000f3] in <685f0c65f2a448a78ba2734aa17d6be3>:0 
  at Burst.Compiler.IL.Jit.JitCompilerService.EnsureLibraryCacheLoaded (System.String assemblyPaths) [0x0003c] in <685f0c65f2a448a78ba2734aa17d6be3>:0 
  at Burst.Compiler.IL.Jit.JitCompilerService.CompileInternal (System.String fullMethodName, System.String assemblyPaths, System.IntPtr userdata, Unity.Burst.NativeDumpFlags dumpFlags, System.IntPtr compilerCallbackPointer, System.IntPtr logCallBack, System.String compilerFlags) [0x0004a] in <685f0c65f2a448a78ba2734aa17d6be3>:0 
  at (wrapper managed-to-native) System.Object.__icall_wrapper_ves_icall_array_new_specific(intptr,int)
  at System.IO.MemoryStream..ctor (System.Int32 capacity) [0x00023] in <7b5f9a2f7db343a4ab54846ed680277b>:0 
  at (wrapper remoting-invoke-with-check) System.IO.MemoryStream..ctor(int)
  at Mono.Cecil.ModuleDefinition.ReadModule (System.String fileName, Mono.Cecil.ReaderParameters parameters) [0x0002e] in <ebb9e4250ed24cbfa42055e3532ef311>:0 
  at Mono.Cecil.BaseAssemblyResolver.GetAssembly (System.String file, Mono.Cecil.ReaderParameters parameters) [0x0000f] in <ebb9e4250ed24cbfa42055e3532ef311>:0 
  at Mono.Cecil.BaseAssemblyResolver.SearchDirectory (Mono.Cecil.AssemblyNameReference name, System.Collections.Generic.IEnumerable`1[T] directories, Mono.Cecil.ReaderParameters parameters) [0x00073] in <ebb9e4250ed24cbfa42055e3532ef311>:0 
  at Mono.Cecil.BaseAssemblyResolver.Resolve (Mono.Cecil.AssemblyNameReference name, Mono.Cecil.ReaderParameters parameters) [0x0000c] in <ebb9e4250ed24cbfa42055e3532ef311>:0 
  at zzzUnity.Burst.CodeGen.AssemblyLoader.Resolve (Mono.Cecil.AssemblyNameReference name) [0x00083] in <685f0c65f2a448a78ba2734aa17d6be3>:0 
  at zzzUnity.Burst.CodeGen.AssemblyLoader.TryGetFullPath (Mono.Cecil.AssemblyNameReference name, System.String& fullPath) [0x00000] in <685f0c65f2a448a78ba2734aa17d6be3>:0 
  at Burst.Compiler.IL.Jit.JitCacheManager.LoadLibraryCache (Burst.Compiler.IL.Jit.GetExternalFunctionPointerDelegate getExternalFunctionPointer, System.String[] assemblyPaths, zzzUnity.Burst.CodeGen.AssemblyLoader assemblyLoader, System.Action`1[T] logDebug) [0x000f3] in <685f0c65f2a448a78ba2734aa17d6be3>:0 
  at Burst.Compiler.IL.Jit.JitCompilerService.EnsureLibraryCacheLoaded (System.String assemblyPaths) [0x0003c] in <685f0c65f2a448a78ba2734aa17d6be3>:0 
  at Burst.Compiler.IL.Jit.JitCompilerService.CompileInternal (System.String fullMethodName, System.String assemblyPaths, System.IntPtr userdata, Unity.Burst.NativeDumpFlags dumpFlags, System.IntPtr compilerCallbackPointer, System.IntPtr logCallBack, System.String compilerFlags) [0x0004a] in <685f0c65f2a448a78ba2734aa17d6be3>:0 
Unity.Burst.LowLevel.BurstCompilerService:GetDisassembly(MethodInfo, String)
Unity.Burst.BurstCompiler:SendCommandToCompiler(String, String)
Unity.Burst.BurstCompiler:SetProfilerCallbacks()
Unity.Burst.Editor.BurstLoader:.cctor()
System.Runtime.CompilerServices.RuntimeHelpers:RunClassConstructor(IntPtr)
System.Runtime.CompilerServices.RuntimeHelpers:RunClassConstructor(RuntimeTypeHandle)
UnityEditor.EditorAssemblies:ProcessInitializeOnLoadAttributes(Type[])

Assertion failed on expression: 'exception == SCRIPTING_NULL'
UnityEngine.StackTraceUtility:ExtractStackTrace ()
Unity.Burst.BurstCompiler:SendCommandToCompiler (string,string) (at D:/Uni Temp/Math-Runner/Library/PackageCache/com.unity.burst@1.6.0/Runtime/BurstCompiler.cs:588)
Unity.Burst.BurstCompiler:SetProfilerCallbacks () (at D:/Uni Temp/Math-Runner/Library/PackageCache/com.unity.burst@1.6.0/Runtime/BurstCompiler.cs:552)
Unity.Burst.Editor.BurstLoader:.cctor () (at D:/Uni Temp/Math-Runner/Library/PackageCache/com.unity.burst@1.6.0/Runtime/Editor/BurstLoader.cs:244)
System.Runtime.CompilerServices.RuntimeHelpers:RunClassConstructor (System.RuntimeTypeHandle)
UnityEditor.EditorAssemblies:ProcessInitializeOnLoadAttributes (System.Type[])

[D:/Uni Temp/Math-Runner/Library/PackageCache/com.unity.burst@1.6.0/Runtime/BurstCompiler.cs line 588]

* Assertion at C:\build\output\Unity-Technologies\mono\mono\mini\mini.c:2259, condition `code' not met

Crash!!!
  ERROR: Error while initializing dbghelp.dll, GetLastError: 'The operation completed successfully.' (Address: 0000000000000000)

========== OUTPUTTING STACK TRACE ==================

  ERROR: Error while initializing dbghelp.dll, GetLastError: 'The operation completed successfully.' (Address: 0000000000000000)

========== END OF STACKTRACE ===========

A crash has been intercepted by the crash handler. For call stack and other details, see the latest crash report generated in:
 * C:/Users/Hp/AppData/Local/Temp/Unity/Editor/Crashes
